// Jest Snapshot v1, https://goo.gl/fbAQLP

exports[`snapshot <App /> should render snapshot 1`] = `null`;
